// Jest Snapshot v1, https://goo.gl/fbAQLP

exports[`renders correctly 1`] = `
<div>
  <div>
    Hello 
    <span
      styleName="name"
    >
      John
    </span>
  </div>
  <button
    onClick={[Function]}
    styleName="submit-button"
  >
    toggle: 
    ON
  </button>
</div>
`;
